{
  "version": "1.5.0",
  "plugins_used": [
    {
      "name": "ArtifactoryDetector"
    },
    {
      "name": "AWSKeyDetector"
    },
    {
      "name": "AzureStorageKeyDetector"
    },
    {
      "name": "Base64HighEntropyString",
      "limit": 4.5
    },
    {
      "name": "BasicAuthDetector"
    },
    {
      "name": "CloudantDetector"
    },
    {
      "name": "DiscordBotTokenDetector"
    },
    {
      "name": "GitHubTokenDetector"
    },
    {
      "name": "GitLabTokenDetector"
    },
    {
      "name": "HexHighEntropyString",
      "limit": 3
    },
    {
      "name": "IbmCloudIamDetector"
    },
    {
      "name": "IbmCosHmacDetector"
    },
    {
      "name": "IPPublicDetector"
    },
    {
      "name": "JwtTokenDetector"
    },
    {
      "name": "KeywordDetector",
      "keyword_exclude": ""
    },
    {
      "name": "MailchimpDetector"
    },
    {
      "name": "NpmDetector"
    },
    {
      "name": "OpenAIDetector"
    },
    {
      "name": "PrivateKeyDetector"
    },
    {
      "name": "PypiTokenDetector"
    },
    {
      "name": "SendGridDetector"
    },
    {
      "name": "SlackDetector"
    },
    {
      "name": "SoftlayerDetector"
    },
    {
      "name": "SquareOAuthDetector"
    },
    {
      "name": "StripeDetector"
    },
    {
      "name": "TelegramBotTokenDetector"
    },
    {
      "name": "TwilioKeyDetector"
    }
  ],
  "filters_used": [
    {
      "path": "detect_secrets.filters.allowlist.is_line_allowlisted"
    },
    {
      "path": "detect_secrets.filters.common.is_baseline_file",
      "filename": ".secrets.baseline"
    },
    {
      "path": "detect_secrets.filters.common.is_ignored_due_to_verification_policies",
      "min_level": 2
    },
    {
      "path": "detect_secrets.filters.heuristic.is_indirect_reference"
    },
    {
      "path": "detect_secrets.filters.heuristic.is_likely_id_string"
    },
    {
      "path": "detect_secrets.filters.heuristic.is_lock_file"
    },
    {
      "path": "detect_secrets.filters.heuristic.is_not_alphanumeric_string"
    },
    {
      "path": "detect_secrets.filters.heuristic.is_potential_uuid"
    },
    {
      "path": "detect_secrets.filters.heuristic.is_prefixed_with_dollar_sign"
    },
    {
      "path": "detect_secrets.filters.heuristic.is_sequential_string"
    },
    {
      "path": "detect_secrets.filters.heuristic.is_swagger_file"
    },
    {
      "path": "detect_secrets.filters.heuristic.is_templated_secret"
    },
    {
      "path": "detect_secrets.filters.regex.should_exclude_file",
      "pattern": [
        "(?:^|[\\\\/])(?:\\.git|\\.venv|\\.ua|\\.codegraph|\\.code-review-graph|graphify-out)(?:[\\\\/]|$)|uv\\.lock$"
      ]
    }
  ],
  "results": {
    "benchmarks\\results\\qwen-bird.json": [
      {
        "type": "Hex High Entropy String",
        "filename": "benchmarks\\results\\qwen-bird.json",
        "hashed_secret": "0347ca7a9e71068eec0fe7a246ec9566d9a335e5",
        "is_verified": false,
        "line_number": 4
      },
      {
        "type": "Hex High Entropy String",
        "filename": "benchmarks\\results\\qwen-bird.json",
        "hashed_secret": "de6af93b6f3cc08e9304b68eef4b6740e8cf4392",
        "is_verified": false,
        "line_number": 5
      },
      {
        "type": "Hex High Entropy String",
        "filename": "benchmarks\\results\\qwen-bird.json",
        "hashed_secret": "ed892e474fb9ff6f6e09e358677fadffd2aa874c",
        "is_verified": false,
        "line_number": 10
      },
      {
        "type": "Hex High Entropy String",
        "filename": "benchmarks\\results\\qwen-bird.json",
        "hashed_secret": "716e5dec3b7be8b1e3209a38f6fc66b07664bf6b",
        "is_verified": false,
        "line_number": 11
      },
      {
        "type": "Hex High Entropy String",
        "filename": "benchmarks\\results\\qwen-bird.json",
        "hashed_secret": "ca798e82c71788ce6ab6b9ff29201c6a10553332",
        "is_verified": false,
        "line_number": 20
      }
    ],
    "benchmarks\\results\\qwen-synthetic-continuation.json": [
      {
        "type": "Hex High Entropy String",
        "filename": "benchmarks\\results\\qwen-synthetic-continuation.json",
        "hashed_secret": "3de7343e814e5601aa182e6c6c7fcf542449e258",
        "is_verified": false,
        "line_number": 4
      },
      {
        "type": "Hex High Entropy String",
        "filename": "benchmarks\\results\\qwen-synthetic-continuation.json",
        "hashed_secret": "33af65b63d3ebf22225706a93243792fe257ff5a",
        "is_verified": false,
        "line_number": 5
      },
      {
        "type": "Hex High Entropy String",
        "filename": "benchmarks\\results\\qwen-synthetic-continuation.json",
        "hashed_secret": "cb4aa181f97258ed6636899dd58488e0927338a3",
        "is_verified": false,
        "line_number": 10
      },
      {
        "type": "Hex High Entropy String",
        "filename": "benchmarks\\results\\qwen-synthetic-continuation.json",
        "hashed_secret": "42d223b4d0bcda67a94e28387676c1240995c5ae",
        "is_verified": false,
        "line_number": 21
      }
    ],
    "benchmarks\\results\\qwen-synthetic.json": [
      {
        "type": "Hex High Entropy String",
        "filename": "benchmarks\\results\\qwen-synthetic.json",
        "hashed_secret": "fbe50485ba638540f7c97aca4933cb2c3f549287",
        "is_verified": false,
        "line_number": 4
      },
      {
        "type": "Hex High Entropy String",
        "filename": "benchmarks\\results\\qwen-synthetic.json",
        "hashed_secret": "576436fecc6b71d9195134a6ab93dcd783a1201c",
        "is_verified": false,
        "line_number": 5
      },
      {
        "type": "Hex High Entropy String",
        "filename": "benchmarks\\results\\qwen-synthetic.json",
        "hashed_secret": "cb4aa181f97258ed6636899dd58488e0927338a3",
        "is_verified": false,
        "line_number": 10
      },
      {
        "type": "Hex High Entropy String",
        "filename": "benchmarks\\results\\qwen-synthetic.json",
        "hashed_secret": "42d223b4d0bcda67a94e28387676c1240995c5ae",
        "is_verified": false,
        "line_number": 20
      }
    ],
    "architecture-diagram.json": [
      {
        "type": "Hex High Entropy String",
        "filename": "architecture-diagram.json",
        "hashed_secret": "d1ac50b8f88d425d816f21f2df8a764cde8a4f61",
        "is_verified": false,
        "line_number": 12
      }
    ],
    "benchmarks\\hardware.json": [
      {
        "type": "Hex High Entropy String",
        "filename": "benchmarks\\hardware.json",
        "hashed_secret": "b87cdeb455bb162faf0c0f4837b99649ab013bdf",
        "is_verified": false,
        "line_number": 9
      },
      {
        "type": "Hex High Entropy String",
        "filename": "benchmarks\\hardware.json",
        "hashed_secret": "226ab036107c488e371d9f1a11bea16eb22ab419",
        "is_verified": false,
        "line_number": 10
      },
      {
        "type": "Hex High Entropy String",
        "filename": "benchmarks\\hardware.json",
        "hashed_secret": "9dd4d8a88b32362f51c4496609e5b3a6ff9a431f",
        "is_verified": false,
        "line_number": 11
      }
    ],
    "tests\\unit\\test_llm_factory.py": [
      {
        "type": "Secret Keyword",
        "filename": "tests\\unit\\test_llm_factory.py",
        "hashed_secret": "e9a5f12a8ecbb3eb46eca5096b5c52aa5e7c9fdd",
        "is_verified": false,
        "line_number": 137
      }
    ],
    "tests\\unit\\test_settings.py": [
      {
        "type": "Basic Auth Credentials",
        "filename": "tests\\unit\\test_settings.py",
        "hashed_secret": "9d4e1e23bd5b727046a9e3b4b7db57bd8d6ee684",
        "is_verified": false,
        "line_number": 31
      }
    ],
    "benchmarks\\bird-selection.json": [
      {
        "type": "Hex High Entropy String",
        "filename": "benchmarks\\bird-selection.json",
        "hashed_secret": "716e5dec3b7be8b1e3209a38f6fc66b07664bf6b",
        "is_verified": false,
        "line_number": 2
      },
      {
        "type": "Hex High Entropy String",
        "filename": "benchmarks\\bird-selection.json",
        "hashed_secret": "ed892e474fb9ff6f6e09e358677fadffd2aa874c",
        "is_verified": false,
        "line_number": 3
      }
    ],
    "diagrams\\nl2sql-architecture.visual-check.json": [
      {
        "type": "Hex High Entropy String",
        "filename": "diagrams\\nl2sql-architecture.visual-check.json",
        "hashed_secret": "2b42b1e063b7961c0cd9ec93674f0bb183a44889",
        "is_verified": false,
        "line_number": 9,
        "is_secret": false
      }
    ],
    "diagrams\\nl2sql-dataflow.visual-check.json": [
      {
        "type": "Hex High Entropy String",
        "filename": "diagrams\\nl2sql-dataflow.visual-check.json",
        "hashed_secret": "3bad8e873df43fe9b0126a6f55f3f78afe34502b",
        "is_verified": false,
        "line_number": 9,
        "is_secret": false
      }
    ],
    "diagrams\\nl2sql-lifecycle.visual-check.json": [
      {
        "type": "Hex High Entropy String",
        "filename": "diagrams\\nl2sql-lifecycle.visual-check.json",
        "hashed_secret": "f3ec9b13e2d6992283391da98b41043c879b7ca8",
        "is_verified": false,
        "line_number": 9,
        "is_secret": false
      }
    ],
    "diagrams\\nl2sql-sequence.visual-check.json": [
      {
        "type": "Hex High Entropy String",
        "filename": "diagrams\\nl2sql-sequence.visual-check.json",
        "hashed_secret": "5c042e08f428717a3cfa27194d29ae66c1b22a15",
        "is_verified": false,
        "line_number": 9,
        "is_secret": false
      }
    ],
    "diagrams\\nl2sql-workflow.visual-check.json": [
      {
        "type": "Hex High Entropy String",
        "filename": "diagrams\\nl2sql-workflow.visual-check.json",
        "hashed_secret": "0e6c720c93f473f09d5fdc498f008ba1fa2a5799",
        "is_verified": false,
        "line_number": 9,
        "is_secret": false
      }
    ],
    "diagrams\\receipts.json": [
      {
        "type": "Hex High Entropy String",
        "filename": "diagrams\\receipts.json",
        "hashed_secret": "9c1dd2f17e31e20e24f7ad162c5ca19d1094e05e",
        "is_verified": false,
        "line_number": 5,
        "is_secret": false
      },
      {
        "type": "Hex High Entropy String",
        "filename": "diagrams\\receipts.json",
        "hashed_secret": "2b42b1e063b7961c0cd9ec93674f0bb183a44889",
        "is_verified": false,
        "line_number": 8,
        "is_secret": false
      },
      {
        "type": "Hex High Entropy String",
        "filename": "diagrams\\receipts.json",
        "hashed_secret": "567a55dd2aa5c256c57ad569cc22c2c07b579f1d",
        "is_verified": false,
        "line_number": 23,
        "is_secret": false
      },
      {
        "type": "Hex High Entropy String",
        "filename": "diagrams\\receipts.json",
        "hashed_secret": "0e6c720c93f473f09d5fdc498f008ba1fa2a5799",
        "is_verified": false,
        "line_number": 26,
        "is_secret": false
      },
      {
        "type": "Hex High Entropy String",
        "filename": "diagrams\\receipts.json",
        "hashed_secret": "34367b00ba1709a03629c4a942eaa0ee76711bbc",
        "is_verified": false,
        "line_number": 41,
        "is_secret": false
      },
      {
        "type": "Hex High Entropy String",
        "filename": "diagrams\\receipts.json",
        "hashed_secret": "3bad8e873df43fe9b0126a6f55f3f78afe34502b",
        "is_verified": false,
        "line_number": 44,
        "is_secret": false
      },
      {
        "type": "Hex High Entropy String",
        "filename": "diagrams\\receipts.json",
        "hashed_secret": "38b518c519f4a42ba514d3e6c94d9e59000ed867",
        "is_verified": false,
        "line_number": 59,
        "is_secret": false
      },
      {
        "type": "Hex High Entropy String",
        "filename": "diagrams\\receipts.json",
        "hashed_secret": "5c042e08f428717a3cfa27194d29ae66c1b22a15",
        "is_verified": false,
        "line_number": 62,
        "is_secret": false
      },
      {
        "type": "Hex High Entropy String",
        "filename": "diagrams\\receipts.json",
        "hashed_secret": "1148d7e804ca03686edcb909c5657bf146da7d33",
        "is_verified": false,
        "line_number": 77,
        "is_secret": false
      },
      {
        "type": "Hex High Entropy String",
        "filename": "diagrams\\receipts.json",
        "hashed_secret": "f3ec9b13e2d6992283391da98b41043c879b7ca8",
        "is_verified": false,
        "line_number": 80,
        "is_secret": false
      }
    ],
    "benchmarks\\results\\agnes-availability-probe.json": [
      {
        "type": "Hex High Entropy String",
        "filename": "benchmarks\\results\\agnes-availability-probe.json",
        "hashed_secret": "d00f357cb9838c5bcd07be98839b743ada13e4fe",
        "is_verified": false,
        "line_number": 4
      },
      {
        "type": "Hex High Entropy String",
        "filename": "benchmarks\\results\\agnes-availability-probe.json",
        "hashed_secret": "cb4aa181f97258ed6636899dd58488e0927338a3",
        "is_verified": false,
        "line_number": 9
      }
    ],
    "benchmarks\\results\\agnes-bird.json": [
      {
        "type": "Hex High Entropy String",
        "filename": "benchmarks\\results\\agnes-bird.json",
        "hashed_secret": "ad3b868e04e09c6ecd06101bead89ab5dca3dcbd",
        "is_verified": false,
        "line_number": 4
      },
      {
        "type": "Hex High Entropy String",
        "filename": "benchmarks\\results\\agnes-bird.json",
        "hashed_secret": "ed892e474fb9ff6f6e09e358677fadffd2aa874c",
        "is_verified": false,
        "line_number": 9
      },
      {
        "type": "Hex High Entropy String",
        "filename": "benchmarks\\results\\agnes-bird.json",
        "hashed_secret": "716e5dec3b7be8b1e3209a38f6fc66b07664bf6b",
        "is_verified": false,
        "line_number": 10
      }
    ],
    "benchmarks\\results\\agnes-synthetic.json": [
      {
        "type": "Hex High Entropy String",
        "filename": "benchmarks\\results\\agnes-synthetic.json",
        "hashed_secret": "ad3b868e04e09c6ecd06101bead89ab5dca3dcbd",
        "is_verified": false,
        "line_number": 4
      },
      {
        "type": "Hex High Entropy String",
        "filename": "benchmarks\\results\\agnes-synthetic.json",
        "hashed_secret": "0bc1ce2c19340541748d7d18a8fd9a3381f7a013",
        "is_verified": false,
        "line_number": 9
      }
    ],
    "benchmarks\\results\\gpt-oss-availability-probe.json": [
      {
        "type": "Hex High Entropy String",
        "filename": "benchmarks\\results\\gpt-oss-availability-probe.json",
        "hashed_secret": "d00f357cb9838c5bcd07be98839b743ada13e4fe",
        "is_verified": false,
        "line_number": 4
      },
      {
        "type": "Hex High Entropy String",
        "filename": "benchmarks\\results\\gpt-oss-availability-probe.json",
        "hashed_secret": "ed892e474fb9ff6f6e09e358677fadffd2aa874c",
        "is_verified": false,
        "line_number": 9
      },
      {
        "type": "Hex High Entropy String",
        "filename": "benchmarks\\results\\gpt-oss-availability-probe.json",
        "hashed_secret": "716e5dec3b7be8b1e3209a38f6fc66b07664bf6b",
        "is_verified": false,
        "line_number": 10
      }
    ],
    "benchmarks\\results\\gpt-oss-bird.json": [
      {
        "type": "Hex High Entropy String",
        "filename": "benchmarks\\results\\gpt-oss-bird.json",
        "hashed_secret": "ad3b868e04e09c6ecd06101bead89ab5dca3dcbd",
        "is_verified": false,
        "line_number": 4
      },
      {
        "type": "Hex High Entropy String",
        "filename": "benchmarks\\results\\gpt-oss-bird.json",
        "hashed_secret": "ed892e474fb9ff6f6e09e358677fadffd2aa874c",
        "is_verified": false,
        "line_number": 9
      },
      {
        "type": "Hex High Entropy String",
        "filename": "benchmarks\\results\\gpt-oss-bird.json",
        "hashed_secret": "716e5dec3b7be8b1e3209a38f6fc66b07664bf6b",
        "is_verified": false,
        "line_number": 10
      }
    ],
    "benchmarks\\results\\gpt-oss-synthetic-v2.json": [
      {
        "type": "Hex High Entropy String",
        "filename": "benchmarks\\results\\gpt-oss-synthetic-v2.json",
        "hashed_secret": "ad3b868e04e09c6ecd06101bead89ab5dca3dcbd",
        "is_verified": false,
        "line_number": 4
      },
      {
        "type": "Hex High Entropy String",
        "filename": "benchmarks\\results\\gpt-oss-synthetic-v2.json",
        "hashed_secret": "cb4aa181f97258ed6636899dd58488e0927338a3",
        "is_verified": false,
        "line_number": 9
      }
    ],
    "benchmarks\\results\\gpt-oss-synthetic.json": [
      {
        "type": "Hex High Entropy String",
        "filename": "benchmarks\\results\\gpt-oss-synthetic.json",
        "hashed_secret": "ad3b868e04e09c6ecd06101bead89ab5dca3dcbd",
        "is_verified": false,
        "line_number": 4
      },
      {
        "type": "Hex High Entropy String",
        "filename": "benchmarks\\results\\gpt-oss-synthetic.json",
        "hashed_secret": "cb4aa181f97258ed6636899dd58488e0927338a3",
        "is_verified": false,
        "line_number": 9
      }
    ],
    "benchmarks\\results\\granite-bird.json": [
      {
        "type": "Hex High Entropy String",
        "filename": "benchmarks\\results\\granite-bird.json",
        "hashed_secret": "45239f4d0b4ff27d7f30f1ac79021f67bf90a168",
        "is_verified": false,
        "line_number": 4
      },
      {
        "type": "Hex High Entropy String",
        "filename": "benchmarks\\results\\granite-bird.json",
        "hashed_secret": "ed892e474fb9ff6f6e09e358677fadffd2aa874c",
        "is_verified": false,
        "line_number": 9
      },
      {
        "type": "Hex High Entropy String",
        "filename": "benchmarks\\results\\granite-bird.json",
        "hashed_secret": "716e5dec3b7be8b1e3209a38f6fc66b07664bf6b",
        "is_verified": false,
        "line_number": 10
      }
    ],
    "benchmarks\\results\\granite-synthetic-v2.json": [
      {
        "type": "Hex High Entropy String",
        "filename": "benchmarks\\results\\granite-synthetic-v2.json",
        "hashed_secret": "ad3b868e04e09c6ecd06101bead89ab5dca3dcbd",
        "is_verified": false,
        "line_number": 4
      },
      {
        "type": "Hex High Entropy String",
        "filename": "benchmarks\\results\\granite-synthetic-v2.json",
        "hashed_secret": "cb4aa181f97258ed6636899dd58488e0927338a3",
        "is_verified": false,
        "line_number": 9
      }
    ],
    "benchmarks\\results\\granite-synthetic.json": [
      {
        "type": "Hex High Entropy String",
        "filename": "benchmarks\\results\\granite-synthetic.json",
        "hashed_secret": "ad3b868e04e09c6ecd06101bead89ab5dca3dcbd",
        "is_verified": false,
        "line_number": 4
      },
      {
        "type": "Hex High Entropy String",
        "filename": "benchmarks\\results\\granite-synthetic.json",
        "hashed_secret": "0bc1ce2c19340541748d7d18a8fd9a3381f7a013",
        "is_verified": false,
        "line_number": 9
      }
    ],
    "benchmarks\\results\\luna-bird.json": [
      {
        "type": "Hex High Entropy String",
        "filename": "benchmarks\\results\\luna-bird.json",
        "hashed_secret": "ad3b868e04e09c6ecd06101bead89ab5dca3dcbd",
        "is_verified": false,
        "line_number": 4
      },
      {
        "type": "Hex High Entropy String",
        "filename": "benchmarks\\results\\luna-bird.json",
        "hashed_secret": "ed892e474fb9ff6f6e09e358677fadffd2aa874c",
        "is_verified": false,
        "line_number": 9
      },
      {
        "type": "Hex High Entropy String",
        "filename": "benchmarks\\results\\luna-bird.json",
        "hashed_secret": "716e5dec3b7be8b1e3209a38f6fc66b07664bf6b",
        "is_verified": false,
        "line_number": 10
      }
    ],
    "benchmarks\\results\\luna-full.json": [
      {
        "type": "Hex High Entropy String",
        "filename": "benchmarks\\results\\luna-full.json",
        "hashed_secret": "45239f4d0b4ff27d7f30f1ac79021f67bf90a168",
        "is_verified": false,
        "line_number": 4
      },
      {
        "type": "Hex High Entropy String",
        "filename": "benchmarks\\results\\luna-full.json",
        "hashed_secret": "cb4aa181f97258ed6636899dd58488e0927338a3",
        "is_verified": false,
        "line_number": 9
      }
    ],
    "benchmarks\\results\\luna-retries.json": [
      {
        "type": "Hex High Entropy String",
        "filename": "benchmarks\\results\\luna-retries.json",
        "hashed_secret": "841df16098dd31614dd23b160f57651a7896a304",
        "is_verified": false,
        "line_number": 4
      },
      {
        "type": "Hex High Entropy String",
        "filename": "benchmarks\\results\\luna-retries.json",
        "hashed_secret": "cb4aa181f97258ed6636899dd58488e0927338a3",
        "is_verified": false,
        "line_number": 9
      }
    ],
    "benchmarks\\results\\luna-schema.json": [
      {
        "type": "Hex High Entropy String",
        "filename": "benchmarks\\results\\luna-schema.json",
        "hashed_secret": "45239f4d0b4ff27d7f30f1ac79021f67bf90a168",
        "is_verified": false,
        "line_number": 4
      },
      {
        "type": "Hex High Entropy String",
        "filename": "benchmarks\\results\\luna-schema.json",
        "hashed_secret": "cb4aa181f97258ed6636899dd58488e0927338a3",
        "is_verified": false,
        "line_number": 9
      }
    ],
    "benchmarks\\results\\luna-single-pass.json": [
      {
        "type": "Hex High Entropy String",
        "filename": "benchmarks\\results\\luna-single-pass.json",
        "hashed_secret": "841df16098dd31614dd23b160f57651a7896a304",
        "is_verified": false,
        "line_number": 4
      },
      {
        "type": "Hex High Entropy String",
        "filename": "benchmarks\\results\\luna-single-pass.json",
        "hashed_secret": "cb4aa181f97258ed6636899dd58488e0927338a3",
        "is_verified": false,
        "line_number": 9
      }
    ],
    "benchmarks\\results\\luna-synthetic.json": [
      {
        "type": "Hex High Entropy String",
        "filename": "benchmarks\\results\\luna-synthetic.json",
        "hashed_secret": "ad3b868e04e09c6ecd06101bead89ab5dca3dcbd",
        "is_verified": false,
        "line_number": 4
      },
      {
        "type": "Hex High Entropy String",
        "filename": "benchmarks\\results\\luna-synthetic.json",
        "hashed_secret": "0bc1ce2c19340541748d7d18a8fd9a3381f7a013",
        "is_verified": false,
        "line_number": 9
      }
    ],
    "openwiki\\.last-update.json": [
      {
        "type": "Hex High Entropy String",
        "filename": "openwiki\\.last-update.json",
        "hashed_secret": "080eb990645b219948367fee2d10e5097d6878c1",
        "is_verified": false,
        "line_number": 4,
        "is_secret": false
      }
    ],
    "openwiki\\.page-manifest.json": [
      {
        "type": "Hex High Entropy String",
        "filename": "openwiki\\.page-manifest.json",
        "hashed_secret": "080eb990645b219948367fee2d10e5097d6878c1",
        "is_verified": false,
        "line_number": 8,
        "is_secret": false
      }
    ]
  },
  "generated_at": "2026-09-27T14:31:25Z"
}
