{
  "version": "1.5.0",
  "plugins_used": [
    {
      "name": "ArtifactoryDetector"
    },
    {
      "name": "AWSKeyDetector"
    },
    {
      "name": "AzureStorageKeyDetector"
    },
    {
      "name": "Base64HighEntropyString",
      "limit": 4.5
    },
    {
      "name": "BasicAuthDetector"
    },
    {
      "name": "CloudantDetector"
    },
    {
      "name": "DiscordBotTokenDetector"
    },
    {
      "name": "GitHubTokenDetector"
    },
    {
      "name": "GitLabTokenDetector"
    },
    {
      "name": "HexHighEntropyString",
      "limit": 3
    },
    {
      "name": "IbmCloudIamDetector"
    },
    {
      "name": "IbmCosHmacDetector"
    },
    {
      "name": "IPPublicDetector"
    },
    {
      "name": "JwtTokenDetector"
    },
    {
      "name": "KeywordDetector",
      "keyword_exclude": ""
    },
    {
      "name": "MailchimpDetector"
    },
    {
      "name": "NpmDetector"
    },
    {
      "name": "OpenAIDetector"
    },
    {
      "name": "PrivateKeyDetector"
    },
    {
      "name": "PypiTokenDetector"
    },
    {
      "name": "SendGridDetector"
    },
    {
      "name": "SlackDetector"
    },
    {
      "name": "SoftlayerDetector"
    },
    {
      "name": "SquareOAuthDetector"
    },
    {
      "name": "StripeDetector"
    },
    {
      "name": "TelegramBotTokenDetector"
    },
    {
      "name": "TwilioKeyDetector"
    }
  ],
  "filters_used": [
    {
      "path": "detect_secrets.filters.allowlist.is_line_allowlisted"
    },
    {
      "path": "detect_secrets.filters.common.is_baseline_file",
      "filename": ".secrets.baseline"
    },
    {
      "path": "detect_secrets.filters.common.is_ignored_due_to_verification_policies",
      "min_level": 2
    },
    {
      "path": "detect_secrets.filters.heuristic.is_indirect_reference"
    },
    {
      "path": "detect_secrets.filters.heuristic.is_likely_id_string"
    },
    {
      "path": "detect_secrets.filters.heuristic.is_lock_file"
    },
    {
      "path": "detect_secrets.filters.heuristic.is_not_alphanumeric_string"
    },
    {
      "path": "detect_secrets.filters.heuristic.is_potential_uuid"
    },
    {
      "path": "detect_secrets.filters.heuristic.is_prefixed_with_dollar_sign"
    },
    {
      "path": "detect_secrets.filters.heuristic.is_sequential_string"
    },
    {
      "path": "detect_secrets.filters.heuristic.is_swagger_file"
    },
    {
      "path": "detect_secrets.filters.heuristic.is_templated_secret"
    },
    {
      "path": "detect_secrets.filters.regex.should_exclude_file",
      "pattern": [
        "(?:^|[\\\\/])(?:\\.git|\\.venv|\\.ua|\\.codegraph|\\.code-review-graph|graphify-out)(?:[\\\\/]|$)|uv\\.lock$"
      ]
    }
  ],
  "results": {
    "architecture-diagram.json": [
      {
        "type": "Hex High Entropy String",
        "filename": "architecture-diagram.json",
        "hashed_secret": "d1ac50b8f88d425d816f21f2df8a764cde8a4f61",
        "is_verified": false,
        "line_number": 12
      }
    ],
    "benchmarks\\hardware.json": [
      {
        "type": "Hex High Entropy String",
        "filename": "benchmarks\\hardware.json",
        "hashed_secret": "b87cdeb455bb162faf0c0f4837b99649ab013bdf",
        "is_verified": false,
        "line_number": 9
      },
      {
        "type": "Hex High Entropy String",
        "filename": "benchmarks\\hardware.json",
        "hashed_secret": "226ab036107c488e371d9f1a11bea16eb22ab419",
        "is_verified": false,
        "line_number": 10
      },
      {
        "type": "Hex High Entropy String",
        "filename": "benchmarks\\hardware.json",
        "hashed_secret": "9dd4d8a88b32362f51c4496609e5b3a6ff9a431f",
        "is_verified": false,
        "line_number": 11
      }
    ],
    "tests\\unit\\test_llm_factory.py": [
      {
        "type": "Secret Keyword",
        "filename": "tests\\unit\\test_llm_factory.py",
        "hashed_secret": "e9a5f12a8ecbb3eb46eca5096b5c52aa5e7c9fdd",
        "is_verified": false,
        "line_number": 137
      }
    ],
    "tests\\unit\\test_settings.py": [
      {
        "type": "Basic Auth Credentials",
        "filename": "tests\\unit\\test_settings.py",
        "hashed_secret": "9d4e1e23bd5b727046a9e3b4b7db57bd8d6ee684",
        "is_verified": false,
        "line_number": 31
      }
    ],
    "benchmarks\\bird-selection.json": [
      {
        "type": "Hex High Entropy String",
        "filename": "benchmarks\\bird-selection.json",
        "hashed_secret": "716e5dec3b7be8b1e3209a38f6fc66b07664bf6b",
        "is_verified": false,
        "line_number": 2
      },
      {
        "type": "Hex High Entropy String",
        "filename": "benchmarks\\bird-selection.json",
        "hashed_secret": "ed892e474fb9ff6f6e09e358677fadffd2aa874c",
        "is_verified": false,
        "line_number": 3
      }
    ],
    "diagrams\\nl2sql-architecture.visual-check.json": [
      {
        "type": "Hex High Entropy String",
        "filename": "diagrams\\nl2sql-architecture.visual-check.json",
        "hashed_secret": "81c07b252d934215ea29b0302bc6bf53db1364dc",
        "is_verified": false,
        "line_number": 9
      }
    ],
    "diagrams\\nl2sql-dataflow.visual-check.json": [
      {
        "type": "Hex High Entropy String",
        "filename": "diagrams\\nl2sql-dataflow.visual-check.json",
        "hashed_secret": "f08bdb82009f6c2cbc0587f3f5347666b31e1890",
        "is_verified": false,
        "line_number": 9
      }
    ],
    "diagrams\\nl2sql-lifecycle.visual-check.json": [
      {
        "type": "Hex High Entropy String",
        "filename": "diagrams\\nl2sql-lifecycle.visual-check.json",
        "hashed_secret": "d38c918f0d7b308ef5af87aecfe826123f2819ac",
        "is_verified": false,
        "line_number": 9
      }
    ],
    "diagrams\\nl2sql-sequence.visual-check.json": [
      {
        "type": "Hex High Entropy String",
        "filename": "diagrams\\nl2sql-sequence.visual-check.json",
        "hashed_secret": "8181bd351bcce70ccf67d7de7b0904ebd07df0d3",
        "is_verified": false,
        "line_number": 9
      }
    ],
    "diagrams\\nl2sql-workflow.visual-check.json": [
      {
        "type": "Hex High Entropy String",
        "filename": "diagrams\\nl2sql-workflow.visual-check.json",
        "hashed_secret": "b55a215ca89746dc3ee1047ae5783bd0a96a605f",
        "is_verified": false,
        "line_number": 9
      }
    ],
    "diagrams\\receipts.json": [
      {
        "type": "Hex High Entropy String",
        "filename": "diagrams\\receipts.json",
        "hashed_secret": "15a1033f1edd88f3e5419497928fda904b0c3988",
        "is_verified": false,
        "line_number": 5
      },
      {
        "type": "Hex High Entropy String",
        "filename": "diagrams\\receipts.json",
        "hashed_secret": "81c07b252d934215ea29b0302bc6bf53db1364dc",
        "is_verified": false,
        "line_number": 7
      },
      {
        "type": "Hex High Entropy String",
        "filename": "diagrams\\receipts.json",
        "hashed_secret": "6c1405ea5899c01b07b928c7182af2acf308b19e",
        "is_verified": false,
        "line_number": 20
      },
      {
        "type": "Hex High Entropy String",
        "filename": "diagrams\\receipts.json",
        "hashed_secret": "b55a215ca89746dc3ee1047ae5783bd0a96a605f",
        "is_verified": false,
        "line_number": 22
      },
      {
        "type": "Hex High Entropy String",
        "filename": "diagrams\\receipts.json",
        "hashed_secret": "818e64171a962806176ffb8c07ec384044a8e14b",
        "is_verified": false,
        "line_number": 35
      },
      {
        "type": "Hex High Entropy String",
        "filename": "diagrams\\receipts.json",
        "hashed_secret": "f08bdb82009f6c2cbc0587f3f5347666b31e1890",
        "is_verified": false,
        "line_number": 37
      },
      {
        "type": "Hex High Entropy String",
        "filename": "diagrams\\receipts.json",
        "hashed_secret": "8f1905a7a3293268ca8b5d8398bc62b5faf4612c",
        "is_verified": false,
        "line_number": 50
      },
      {
        "type": "Hex High Entropy String",
        "filename": "diagrams\\receipts.json",
        "hashed_secret": "8181bd351bcce70ccf67d7de7b0904ebd07df0d3",
        "is_verified": false,
        "line_number": 52
      },
      {
        "type": "Hex High Entropy String",
        "filename": "diagrams\\receipts.json",
        "hashed_secret": "bfc7b4b0cd953231d45fff53642260d252bd1752",
        "is_verified": false,
        "line_number": 65
      },
      {
        "type": "Hex High Entropy String",
        "filename": "diagrams\\receipts.json",
        "hashed_secret": "d38c918f0d7b308ef5af87aecfe826123f2819ac",
        "is_verified": false,
        "line_number": 67
      }
    ],
    "benchmarks\\results\\agnes-availability-probe.json": [
      {
        "type": "Hex High Entropy String",
        "filename": "benchmarks\\results\\agnes-availability-probe.json",
        "hashed_secret": "d00f357cb9838c5bcd07be98839b743ada13e4fe",
        "is_verified": false,
        "line_number": 4
      },
      {
        "type": "Hex High Entropy String",
        "filename": "benchmarks\\results\\agnes-availability-probe.json",
        "hashed_secret": "cb4aa181f97258ed6636899dd58488e0927338a3",
        "is_verified": false,
        "line_number": 9
      }
    ],
    "benchmarks\\results\\agnes-bird.json": [
      {
        "type": "Hex High Entropy String",
        "filename": "benchmarks\\results\\agnes-bird.json",
        "hashed_secret": "ad3b868e04e09c6ecd06101bead89ab5dca3dcbd",
        "is_verified": false,
        "line_number": 4
      },
      {
        "type": "Hex High Entropy String",
        "filename": "benchmarks\\results\\agnes-bird.json",
        "hashed_secret": "ed892e474fb9ff6f6e09e358677fadffd2aa874c",
        "is_verified": false,
        "line_number": 9
      },
      {
        "type": "Hex High Entropy String",
        "filename": "benchmarks\\results\\agnes-bird.json",
        "hashed_secret": "716e5dec3b7be8b1e3209a38f6fc66b07664bf6b",
        "is_verified": false,
        "line_number": 10
      }
    ],
    "benchmarks\\results\\agnes-synthetic.json": [
      {
        "type": "Hex High Entropy String",
        "filename": "benchmarks\\results\\agnes-synthetic.json",
        "hashed_secret": "ad3b868e04e09c6ecd06101bead89ab5dca3dcbd",
        "is_verified": false,
        "line_number": 4
      },
      {
        "type": "Hex High Entropy String",
        "filename": "benchmarks\\results\\agnes-synthetic.json",
        "hashed_secret": "0bc1ce2c19340541748d7d18a8fd9a3381f7a013",
        "is_verified": false,
        "line_number": 9
      }
    ],
    "benchmarks\\results\\gpt-oss-availability-probe.json": [
      {
        "type": "Hex High Entropy String",
        "filename": "benchmarks\\results\\gpt-oss-availability-probe.json",
        "hashed_secret": "d00f357cb9838c5bcd07be98839b743ada13e4fe",
        "is_verified": false,
        "line_number": 4
      },
      {
        "type": "Hex High Entropy String",
        "filename": "benchmarks\\results\\gpt-oss-availability-probe.json",
        "hashed_secret": "ed892e474fb9ff6f6e09e358677fadffd2aa874c",
        "is_verified": false,
        "line_number": 9
      },
      {
        "type": "Hex High Entropy String",
        "filename": "benchmarks\\results\\gpt-oss-availability-probe.json",
        "hashed_secret": "716e5dec3b7be8b1e3209a38f6fc66b07664bf6b",
        "is_verified": false,
        "line_number": 10
      }
    ],
    "benchmarks\\results\\gpt-oss-bird.json": [
      {
        "type": "Hex High Entropy String",
        "filename": "benchmarks\\results\\gpt-oss-bird.json",
        "hashed_secret": "ad3b868e04e09c6ecd06101bead89ab5dca3dcbd",
        "is_verified": false,
        "line_number": 4
      },
      {
        "type": "Hex High Entropy String",
        "filename": "benchmarks\\results\\gpt-oss-bird.json",
        "hashed_secret": "ed892e474fb9ff6f6e09e358677fadffd2aa874c",
        "is_verified": false,
        "line_number": 9
      },
      {
        "type": "Hex High Entropy String",
        "filename": "benchmarks\\results\\gpt-oss-bird.json",
        "hashed_secret": "716e5dec3b7be8b1e3209a38f6fc66b07664bf6b",
        "is_verified": false,
        "line_number": 10
      }
    ],
    "benchmarks\\results\\gpt-oss-synthetic-v2.json": [
      {
        "type": "Hex High Entropy String",
        "filename": "benchmarks\\results\\gpt-oss-synthetic-v2.json",
        "hashed_secret": "ad3b868e04e09c6ecd06101bead89ab5dca3dcbd",
        "is_verified": false,
        "line_number": 4
      },
      {
        "type": "Hex High Entropy String",
        "filename": "benchmarks\\results\\gpt-oss-synthetic-v2.json",
        "hashed_secret": "cb4aa181f97258ed6636899dd58488e0927338a3",
        "is_verified": false,
        "line_number": 9
      }
    ],
    "benchmarks\\results\\gpt-oss-synthetic.json": [
      {
        "type": "Hex High Entropy String",
        "filename": "benchmarks\\results\\gpt-oss-synthetic.json",
        "hashed_secret": "ad3b868e04e09c6ecd06101bead89ab5dca3dcbd",
        "is_verified": false,
        "line_number": 4
      },
      {
        "type": "Hex High Entropy String",
        "filename": "benchmarks\\results\\gpt-oss-synthetic.json",
        "hashed_secret": "cb4aa181f97258ed6636899dd58488e0927338a3",
        "is_verified": false,
        "line_number": 9
      }
    ],
    "benchmarks\\results\\granite-bird.json": [
      {
        "type": "Hex High Entropy String",
        "filename": "benchmarks\\results\\granite-bird.json",
        "hashed_secret": "45239f4d0b4ff27d7f30f1ac79021f67bf90a168",
        "is_verified": false,
        "line_number": 4
      },
      {
        "type": "Hex High Entropy String",
        "filename": "benchmarks\\results\\granite-bird.json",
        "hashed_secret": "ed892e474fb9ff6f6e09e358677fadffd2aa874c",
        "is_verified": false,
        "line_number": 9
      },
      {
        "type": "Hex High Entropy String",
        "filename": "benchmarks\\results\\granite-bird.json",
        "hashed_secret": "716e5dec3b7be8b1e3209a38f6fc66b07664bf6b",
        "is_verified": false,
        "line_number": 10
      }
    ],
    "benchmarks\\results\\granite-synthetic-v2.json": [
      {
        "type": "Hex High Entropy String",
        "filename": "benchmarks\\results\\granite-synthetic-v2.json",
        "hashed_secret": "ad3b868e04e09c6ecd06101bead89ab5dca3dcbd",
        "is_verified": false,
        "line_number": 4
      },
      {
        "type": "Hex High Entropy String",
        "filename": "benchmarks\\results\\granite-synthetic-v2.json",
        "hashed_secret": "cb4aa181f97258ed6636899dd58488e0927338a3",
        "is_verified": false,
        "line_number": 9
      }
    ],
    "benchmarks\\results\\granite-synthetic.json": [
      {
        "type": "Hex High Entropy String",
        "filename": "benchmarks\\results\\granite-synthetic.json",
        "hashed_secret": "ad3b868e04e09c6ecd06101bead89ab5dca3dcbd",
        "is_verified": false,
        "line_number": 4
      },
      {
        "type": "Hex High Entropy String",
        "filename": "benchmarks\\results\\granite-synthetic.json",
        "hashed_secret": "0bc1ce2c19340541748d7d18a8fd9a3381f7a013",
        "is_verified": false,
        "line_number": 9
      }
    ],
    "benchmarks\\results\\luna-bird.json": [
      {
        "type": "Hex High Entropy String",
        "filename": "benchmarks\\results\\luna-bird.json",
        "hashed_secret": "ad3b868e04e09c6ecd06101bead89ab5dca3dcbd",
        "is_verified": false,
        "line_number": 4
      },
      {
        "type": "Hex High Entropy String",
        "filename": "benchmarks\\results\\luna-bird.json",
        "hashed_secret": "ed892e474fb9ff6f6e09e358677fadffd2aa874c",
        "is_verified": false,
        "line_number": 9
      },
      {
        "type": "Hex High Entropy String",
        "filename": "benchmarks\\results\\luna-bird.json",
        "hashed_secret": "716e5dec3b7be8b1e3209a38f6fc66b07664bf6b",
        "is_verified": false,
        "line_number": 10
      }
    ],
    "benchmarks\\results\\luna-full.json": [
      {
        "type": "Hex High Entropy String",
        "filename": "benchmarks\\results\\luna-full.json",
        "hashed_secret": "45239f4d0b4ff27d7f30f1ac79021f67bf90a168",
        "is_verified": false,
        "line_number": 4
      },
      {
        "type": "Hex High Entropy String",
        "filename": "benchmarks\\results\\luna-full.json",
        "hashed_secret": "cb4aa181f97258ed6636899dd58488e0927338a3",
        "is_verified": false,
        "line_number": 9
      }
    ],
    "benchmarks\\results\\luna-retries.json": [
      {
        "type": "Hex High Entropy String",
        "filename": "benchmarks\\results\\luna-retries.json",
        "hashed_secret": "841df16098dd31614dd23b160f57651a7896a304",
        "is_verified": false,
        "line_number": 4
      },
      {
        "type": "Hex High Entropy String",
        "filename": "benchmarks\\results\\luna-retries.json",
        "hashed_secret": "cb4aa181f97258ed6636899dd58488e0927338a3",
        "is_verified": false,
        "line_number": 9
      }
    ],
    "benchmarks\\results\\luna-schema.json": [
      {
        "type": "Hex High Entropy String",
        "filename": "benchmarks\\results\\luna-schema.json",
        "hashed_secret": "45239f4d0b4ff27d7f30f1ac79021f67bf90a168",
        "is_verified": false,
        "line_number": 4
      },
      {
        "type": "Hex High Entropy String",
        "filename": "benchmarks\\results\\luna-schema.json",
        "hashed_secret": "cb4aa181f97258ed6636899dd58488e0927338a3",
        "is_verified": false,
        "line_number": 9
      }
    ],
    "benchmarks\\results\\luna-single-pass.json": [
      {
        "type": "Hex High Entropy String",
        "filename": "benchmarks\\results\\luna-single-pass.json",
        "hashed_secret": "841df16098dd31614dd23b160f57651a7896a304",
        "is_verified": false,
        "line_number": 4
      },
      {
        "type": "Hex High Entropy String",
        "filename": "benchmarks\\results\\luna-single-pass.json",
        "hashed_secret": "cb4aa181f97258ed6636899dd58488e0927338a3",
        "is_verified": false,
        "line_number": 9
      }
    ],
    "benchmarks\\results\\luna-synthetic.json": [
      {
        "type": "Hex High Entropy String",
        "filename": "benchmarks\\results\\luna-synthetic.json",
        "hashed_secret": "ad3b868e04e09c6ecd06101bead89ab5dca3dcbd",
        "is_verified": false,
        "line_number": 4
      },
      {
        "type": "Hex High Entropy String",
        "filename": "benchmarks\\results\\luna-synthetic.json",
        "hashed_secret": "0bc1ce2c19340541748d7d18a8fd9a3381f7a013",
        "is_verified": false,
        "line_number": 9
      }
    ]
  },
  "generated_at": "2026-09-27T11:19:41Z"
}
